NO MATCH: Pid 12386 87.21.159.97 "Mozilla/4.0 (compatible; MSIE 7.0; Windows NT 5.1; GTB5; .NET CLR 1.1.4322; .NET CLR 2.0.50727; .NET CLR 3.0.04506.30; .NET CLR 3.0.04506.648; InfoPath.1)" "find utmwv 4.3 and utmn 78170034 and utmhn www.slac.stanford.edu and utmcs us-ascii and utmsr 1024x768 and utmsc 32-bit and utmul it and utmje 1 and utmfl 10.0 r12 and utmdt spires-hep: find j nucl phys proc suppl and utmhid 2091263764 and utmr 0 and utmp /outgoing/doi/10.1016/j.nuclphysbps.2008.10.011 ( in explain using www" 40 20090201 06:38:37 0 0.000171 0.069005 sunspi4-5087

NO MATCH: Pid 20253 82.113.121.17 "Mozilla/4.0 (compatible; MSIE 7.0; Windows NT 5.1; GTB5; .NET CLR 1.1.4322; .NET CLR 2.0.50727)" "find utmwv 4.3 and utmn 710494273 and utmhn www.slac.stanford.edu and utmcs us-ascii and utmsr 1440x900 and utmsc 16-bit and utmul de and utmje 1 and utmfl 10.0 r12 and utmdt spires-hep: find a hitchin and t special and utmhid 74919291 and utmr 0 and utmp /outgoing/arx/pdf/math/9907034  ( in explain using www" 40 20090201 06:54:41 0 0.000161 2.452140 sunspi4-5080

NO MATCH: Pid 23808 130.63.100.212 "Mozilla/5.0 (Windows; U; Windows NT 5.1; en-US; rv:1.9.0.5) Gecko/2008120122 Firefox/3.0.5" "find utmwv 4.3 and utmn 1994980719 and utmhn www.slac.stanford.edu and utmcs us-ascii and utmsr 1024x768 and utmsc 32-bit and utmul en-us and utmje 0 and utmfl 9.0  r16 and utmdt spires-hep: find j phys. rev. lett. ,21, 244 and utmhid 1187658555 and utmr 0 and utmp /outgoing/doi/10.1103/physrevlett.21.244 ( in explain using www" 40 20090201 07:04:02 0 0.000154 0.069249 sunspi4-5082

NO MATCH: Pid 725 93.186.212.174 "Mozilla/4.0 (compatible; MSIE 6.0; Windows NT 5.1; SV1)" "find utmwv 4.3 and utmn 1046866890 and utmhn www.slac.stanford.edu and utmcs us-ascii and utmsr 1024x768 and utmsc 32-bit and utmul en-us and utmje 1 and utmfl 9.0 r115 and utmdt spires-hep: find c prlta,54,2553 and utmhid 4739056 and utmr 0 and utmp /outgoing/doi/10.1016/0370-2693(86)90299-6 ( in explain using www" 40 20090201 07:17:01 0 0.000161 0.201466 sunspi4-5081

NO MATCH: Pid 790 82.113.121.17 "Mozilla/4.0 (compatible; MSIE 7.0; Windows NT 5.1; GTB5; .NET CLR 1.1.4322; .NET CLR 2.0.50727)" "find utmwv 4.3 and utmn 421733910 and utmhn www.slac.stanford.edu and utmcs us-ascii and utmsr 1440x900 and utmsc 16-bit and utmul de and utmje 1 and utmfl 10.0 r12 and utmdt spires-hep: find c aspfa,25,503 and utmhid 1842314025 and utmr 0 and utmp /outgoing/arx/pdf/math/0005144  ( in explain using www" 40 20090201 07:17:11 0 0.000170 0.275479 sunspi4-5081

NO MATCH: Pid 18179 122.163.238.243 "Mozilla/4.0 (compatible; MSIE 7.0; Windows NT 5.1; .NET CLR 1.1.4322; .NET CLR 2.0.50727)" "find utmwv 4.3 and utmn 768640022 and utmhn www.slac.stanford.edu and utmcs us-ascii and utmsr 1280x720 and utmsc 32-bit and utmul en-us and utmje 1 and utmfl 10.0 r12 and utmdt spires-hep: find t top and t lhc and utmhid 2092778317 and utmr 0 and utmp /outgoing/url/cernrep/http://weblib.cern.ch/abstract ( in explain using www" 40 20090201 03:58:17 0 0.000155 0.066742 sunspi4-5087

NO MATCH: Pid 13590 189.131.70.43 "Mozilla/4.0 (compatible; MSIE 7.0; Windows NT 6.0; GTB5; SLCC1; .NET CLR 2.0.50727; .NET CLR 3.0.04506)" "find utmwv 4.3 and utmn 552040721 and utmhn www.slac.stanford.edu and utmcs us-ascii and utmsr 1280x800 and utmsc 32-bit and utmul es and utmje 1 and utmfl 10.0 r12 and utmdt spires-hep: find a billoir and utmhid 412846373 and utmr 0 and utmp /outgoing/doi/10.1016/j.astropartphys.2008.10.002 ( in explain using www" 40 20090201 05:06:50 0 0.000186 0.063303 sunspi4-5080

NO MATCH: Pid 2878 84.173.250.9 "Mozilla/5.0 (Windows; U; Windows NT 6.0; de; rv:1.9.0.5) Gecko/2008120122 Firefox/3.0.5" "find utmwv 4.3 and utmn 154737462 and utmhn www.slac.stanford.edu and utmcs us-ascii and utmsr 1680x1050 and utmsc 32-bit and utmul de and utmje 1 and utmfl 10.0 r12 and utmdt spires-hep: find irn 8058989 and utmhid 2076234036 and utmr 0 and utmp /outgoing/doi/10.1103/physics.1.14 ( in explain using www" 40 20090201 06:11:44 0 0.000168 0.064650 sunspi4-5084

NO MATCH: Pid 19064 149.217.1.6 "Mozilla/5.0 (X11; U; Linux i686; en-US; rv:1.9.0.3) Gecko/2008092510 Ubuntu/8.04 (hardy) Firefox/3.0.3" "find utmwv 4.3 and utmn 849093 and utmhn www.slac.stanford.edu and utmcs us-ascii and utmsr 1280x1024 and utmsc 24-bit and utmul en-us and utmje 1 and utmfl 9.0 r124 and utmdt spires-hep: find a shaposhnikov, m and d after 2005 and utmhid 712665799 and utmr 0 and utmp /outgoing/doi/10.1016/j.physletb.2008.11.054 ( in explain using www" 40 20090201 07:50:34 0 0.000157 17.530639 sunspi4-5084

NO MATCH: Pid 26337 147.52.186.59 "Mozilla/4.0 (compatible; MSIE 7.0; Windows NT 5.1; GTB5; MRA 5.1 (build 02243); MRSPUTNIK 2, 0, 0, 36 SW; Avant Browser; .NET CLR 2.0.50727)" "find utmwv 4.3 and utmn 1925794610 and utmhn www.slac.stanford.edu and utmcs us-ascii and utmsr 1440x900 and utmsc 32-bit and utmul ru and utmje 1 and utmfl - and utmdt spires-hep: find a kubyshin and utmhid 1098989336 and utmr 0 and utmp /outgoing/url/c01-09-06.1/http://theory.sinp.msu.ru/ ( in explain using www" 40 20090201 08:02:44 0 0.000159 0.074338 sunspi4-5084

NO MATCH: Pid 22561 129.100.144.120 "Mozilla/4.0 (compatible; MSIE 7.0; Windows NT 5.1; .NET CLR 1.0.3705; .NET CLR 1.1.4322; .NET CLR 2.0.50727)" "find utmwv 4.3 and utmn 520037758 and utmhn www.slac.stanford.edu and utmcs us-ascii and utmsr 1024x768 and utmsc 32-bit and utmul en-us and utmje 1 and utmfl 10.0 r12 and utmdt spires-hep: find a mckeon and d after 2005 and utmhid 1651752485 and utmr 0 and utmp /outgoing/doi/10.1142/s0217751x08038640 ( in explain using www" 40 20090201 11:53:53 0 0.000162 0.069289 sunspi4-5083

NO MATCH: Pid 25876 194.94.224.254 "Mozilla/5.0 (X11; U; Linux i686; en-US; rv:1.8.0.12) Gecko/20070530 Fedora/1.5.0.12-1.fc5 Firefox/1.5.0.12" "find utmwv 4.3 and utmn 740379463 and utmhn www.slac.stanford.edu and utmcs us-ascii and utmsr 1280x1024 and utmsc 24-bit and utmul en-us and utmje 1 and utmfl 9.0 r31 and utmdt spires-hep: find a nicolini, p and utmhid 1143757077 and utmr 0 and utmp /outgoing/doi/10.1088/1126-6708/2008/11/072 ( in explain using www" 40 20090201 12:18:47 0 0.000167 0.065350 sunspi4-5087

NO MATCH: Pid 15431 218.209.20.120 "Mozilla/4.0 (compatible; MSIE 7.0; Windows NT 5.1; .NET CLR 1.0.3705; .NET CLR 1.1.4322; Media Center PC 4.0; .NET CLR 2.0.50727; InfoPath.2; .NET CLR 3.0.04506.30; .NET CLR 3.0.04506.648)" "find utmwv 4.3 and utmn 1073090834 and utmhn www.slac.stanford.edu and utmcs us-ascii and utmsr 1280x800 and utmsc 32-bit and utmul ko and utmje 1 and utmfl 10.0 r12 and utmdt spires-hep: find author i.w.kim and utmhid 445454281 and utmr 0 and utmp /outgoing/doi/10.1088/1126-6708/2008/08/102 ( in explain using www" 40 20090201 14:19:43 0 0.000165 3.471433 sunspi4-5083

NO MATCH: Pid 5451 94.65.110.85 "Mozilla/5.0 (Windows; U; Windows NT 5.1; en-US; rv:1.9.0.5) Gecko/2008120122 Firefox/3.0.5" "find utmwv 4.3 and utmn 1442045353 and utmhn www.slac.stanford.edu and utmcs us-ascii and utmsr 1024x768 and utmsc 32-bit and utmul en-us and utmje 1 and utmfl 10.0 r12 and utmcn 1 and utmdt spires-hep: find a nambu and af chicago u. and utmhid 751391663 and utmr http://physics.uchicago.edu/research/areas/particle_t.html and utmp /outgoing/doi/10.1103/physrevd.10.4262 ( in explain using www" 40 20090201 06:22:07 0 0.000170 0.065646 sunspi4-5087

NO MATCH: Pid 102 219.23.136.47 "Mozilla/4.0 (compatible; MSIE 7.0; Windows NT 5.1; .NET CLR 1.1.4322)" "find utmwv 4.3 and utmn 1068624103 and utmhn www.slac.stanford.edu and utmcs us-ascii and utmsr 1024x768 and utmsc 32-bit and utmul ja and utmje 1 and utmfl 10.0 r12 and utmdt spires-hep: find j prplc, and date in 2004 and utmhid 949880728 and utmr 0 and utmp /outgoing/doi/10.1016/j.physrep.2004.01.003 ( in explain using www" 40 20090201 07:15:34 0 0.000172 0.080207 sunspi4-5084

NO MATCH: Pid 19674 94.109.24.3 "Mozilla/4.0 (compatible; MSIE 7.0; Windows NT 5.1; .NET CLR 1.0.3705; Tablet PC 1.7; .NET CLR 1.1.4322; .NET CLR 2.0.50727)" "find utmwv 4.3 and utmn 2082432758 and utmhn www.slac.stanford.edu and utmcs us-ascii and utmsr 1024x768 and utmsc 32-bit and utmul en-us and utmje 1 and utmfl 9.0 r124 and utmdt spires-hep: find ea sudarshan, g or ea sudarshan, e c g and topcit 50 not 100 and utmhid 1087994989 and utmr 0 and utmp /outgoing/doi/10.1103/physrev.115.731 ( in explain using www" 40 20090201 14:51:09 0 0.000179 0.067438 sunspi4-5089

NO MATCH: Pid 18154 202.114.35.19 "Mozilla/4.0 (compatible; MSIE 6.0; Windows NT 5.1; SV1; .NET CLR 2.0.50727; .NET CLR 3.0.04506.30; .NET CLR 3.0.04506.648)" "find utmwv 4.3 and utmn 405831943 and utmhn www.slac.stanford.edu and utmcs us-ascii and utmsr 1600x900 and utmsc 32-bit and utmul zh-cn and utmje 1 and utmfl 10.0 r12 and utmdt spires-hep: find a f.m.liu and utmhid 1577186009 and utmr 0 and utmp /outgoing/url/doi/http://dx.doi.org/10.1556/aph.24.2005.1-4.45 ( in explain using www" 40 20090201 19:08:53 0 0.000160 0.067489 sunspi4-5083

NO MATCH: Pid 9848 130.87.250.50 "Mozilla/4.0 (compatible; MSIE 7.0; Windows NT 5.1; GTB5; .NET CLR 1.0.3705)" "find utmwv 4.3 and utmn 1254102366 and utmhn www.slac.stanford.edu and utmcs us-ascii and utmsr 1024x768 and utmsc 32-bit and utmul ja and utmje 1 and utmfl 10.0 r12 and utmdt spires-hep: find a hideo kodama and utmhid 1918406518 and utmr 0 and utmp /outgoing/doi/10.1143/ptps.172.11 ( in explain using www" 40 20090201 20:41:01 0 0.000162 0.063477 sunspi4-5081

NO MATCH: Pid 20966 220.227.207.32 "Mozilla/5.0 (X11; U; Linux i686; en-GB; rv:1.8.1.12) Gecko/20080201 Firefox/2.0.0.12" "find utmwv 4.3 and utmn 486070517 and utmhn www.slac.stanford.edu and utmcs us-ascii and utmsr 1280x1024 and utmsc 24-bit and utmul en-gb and utmje 1 and utmfl 9.0 r31 and utmdt spires-hep: find j eur. phys. c57 739 and utmhid 1993944830 and utmr 0 and utmp /outgoing/doi/10.1140/epjc/s10052-008-0712-5 ( in explain using www" 40 20090201 21:36:47 0 0.000177 0.081039 sunspi4-5087

NO MATCH: Pid 28480 158.144.51.43 "Mozilla/5.0 (X11; U; Linux i686; en-US; rv:1.8.1.8) Gecko/20071008 Firefox/2.0.0.8" "find utmwv 4.3 and utmn 1012770624 and utmhn www.slac.stanford.edu and utmcs us-ascii and utmsr 1024x768 and utmsc 24-bit and utmul en-us and utmje 1 and utmfl - and utmdt spires-hep: find a wolff,u and utmhid 1493457129 and utmr 0 and utmp /outgoing/doi/10.1016/j.nuclphysb.2003.10.010 ( in explain using www" 40 20090201 22:06:03 0 0.000152 0.076500 sunspi4-5083

NO MATCH: Pid 4355 194.94.224.254 "Mozilla/5.0 (X11; U; Linux i686; en-US; rv:1.8.0.12) Gecko/20070530 Fedora/1.5.0.12-1.fc5 Firefox/1.5.0.12" "find utmwv 4.3 and utmn 1973724828 and utmhn www.slac.stanford.edu and utmcs us-ascii and utmsr 1280x1024 and utmsc 24-bit and utmul en-us and utmje 1 and utmfl 9.0 r31 and utmdt spires-hep: find a jackiw and utmhid 2011728231 and utmr 0 and utmp /outgoing/url/doi/http://dx.doi.org/10.1088/1742-6596/33/1/001 ( in explain using www" 40 20090201 22:20:39 0 0.000277 0.076337 sunspi4-5089

NO MATCH: Pid 6082 99.252.38.33 "Mozilla/5.0 (Windows; U; Windows NT 6.0; en-GB; rv:1.9.0.5) Gecko/2008120122 Firefox/3.0.5" "find utmwv 4.3 and utmn 1522591899 and utmhn www.slac.stanford.edu and utmcs us-ascii and utmsr 1440x900 and utmsc 32-bit and utmul en-gb and utmje 1 and utmfl 10.0 r12 and utmcn 1 and utmdt spires-hep: find author s bhadra and utmhid 1681434672 and utmr http://www.physics.yorku.ca/grad/faculty/profiles/bhadra.html and utmp /outgoing/doi/10.1103/physrevd.78.032004 ( in explain using www" 40 20090201 22:27:44 0 0.000192 0.085193 sunspi4-5084
